// Jest Snapshot v1, https://goo.gl/fbAQLP

exports[`Billing Stack 1`] = `
{
  "Resources": {
    "BudgetED13AE41": {
      "Properties": {
        "Budget": {
          "BudgetLimit": {
            "Amount": 1,
            "Unit": "USD",
          },
          "BudgetName": "Monthly Budget",
          "BudgetType": "COST",
          "TimeUnit": "MONTHLY",
        },
        "NotificationsWithSubscribers": [
          {
            "Notification": {
              "ComparisonOperator": "GREATER_THAN",
              "NotificationType": "ACTUAL",
              "Threshold": 100,
            },
            "Subscribers": [
              {
                "Address": "test@example.com",
                "SubscriptionType": "EMAIL",
              },
            ],
          },
        ],
      },
      "Type": "AWS::Budgets::Budget",
    },
  },
}
`;
