// Jest Snapshot v1, https://goo.gl/fbAQLP

exports[`Pipeline Stack 1`] = `
{
  "Parameters": {
    "BootstrapVersion": {
      "Default": "/cdk-bootstrap/hnb659fds/version",
      "Description": "Version of the CDK Bootstrap resources in this environment, automatically retrieved from SSM Parameter Store. [cdk:skip]",
      "Type": "AWS::SSM::Parameter::Value<String>",
    },
  },
  "Resources": {
    "CDKBuildProject96462ED9": {
      "Properties": {
        "Artifacts": {
          "Type": "CODEPIPELINE",
        },
        "Cache": {
          "Type": "NO_CACHE",
        },
        "EncryptionKey": {
          "Fn::GetAtt": [
            "PipelineArtifactsBucketEncryptionKey01D58D69",
            "Arn",
          ],
        },
        "Environment": {
          "ComputeType": "BUILD_GENERAL1_SMALL",
          "Image": "aws/codebuild/standard:6.0",
          "ImagePullCredentialsType": "CODEBUILD",
          "PrivilegedMode": false,
          "Type": "LINUX_CONTAINER",
        },
        "ServiceRole": {
          "Fn::GetAtt": [
            "CDKBuildProjectRoleC798FB78",
            "Arn",
          ],
        },
        "Source": {
          "BuildSpec": "build-specs/cdk-build-spec.yml",
          "Type": "CODEPIPELINE",
        },
      },
      "Type": "AWS::CodeBuild::Project",
    },
    "CDKBuildProjectRoleC798FB78": {
      "Properties": {
        "AssumeRolePolicyDocument": {
          "Statement": [
            {
              "Action": "sts:AssumeRole",
              "Effect": "Allow",
              "Principal": {
                "Service": "codebuild.amazonaws.com",
              },
            },
          ],
          "Version": "2012-10-17",
        },
      },
      "Type": "AWS::IAM::Role",
    },
    "CDKBuildProjectRoleDefaultPolicy977543DD": {
      "Properties": {
        "PolicyDocument": {
          "Statement": [
            {
              "Action": [
                "logs:CreateLogGroup",
                "logs:CreateLogStream",
                "logs:PutLogEvents",
              ],
              "Effect": "Allow",
              "Resource": [
                {
                  "Fn::Join": [
                    "",
                    [
                      "arn:",
                      {
                        "Ref": "AWS::Partition",
                      },
                      ":logs:us-east-1:123456789012:log-group:/aws/codebuild/",
                      {
                        "Ref": "CDKBuildProject96462ED9",
                      },
                    ],
                  ],
                },
                {
                  "Fn::Join": [
                    "",
                    [
                      "arn:",
                      {
                        "Ref": "AWS::Partition",
                      },
                      ":logs:us-east-1:123456789012:log-group:/aws/codebuild/",
                      {
                        "Ref": "CDKBuildProject96462ED9",
                      },
                      ":*",
                    ],
                  ],
                },
              ],
            },
            {
              "Action": [
                "codebuild:CreateReportGroup",
                "codebuild:CreateReport",
                "codebuild:UpdateReport",
                "codebuild:BatchPutTestCases",
                "codebuild:BatchPutCodeCoverages",
              ],
              "Effect": "Allow",
              "Resource": {
                "Fn::Join": [
                  "",
                  [
                    "arn:",
                    {
                      "Ref": "AWS::Partition",
                    },
                    ":codebuild:us-east-1:123456789012:report-group/",
                    {
                      "Ref": "CDKBuildProject96462ED9",
                    },
                    "-*",
                  ],
                ],
              },
            },
            {
              "Action": [
                "s3:GetObject*",
                "s3:GetBucket*",
                "s3:List*",
                "s3:DeleteObject*",
                "s3:PutObject",
                "s3:PutObjectLegalHold",
                "s3:PutObjectRetention",
                "s3:PutObjectTagging",
                "s3:PutObjectVersionTagging",
                "s3:Abort*",
              ],
              "Effect": "Allow",
              "Resource": [
                {
                  "Fn::GetAtt": [
                    "PipelineArtifactsBucket22248F97",
                    "Arn",
                  ],
                },
                {
                  "Fn::Join": [
                    "",
                    [
                      {
                        "Fn::GetAtt": [
                          "PipelineArtifactsBucket22248F97",
                          "Arn",
                        ],
                      },
                      "/*",
                    ],
                  ],
                },
              ],
            },
            {
              "Action": [
                "kms:Decrypt",
                "kms:DescribeKey",
                "kms:Encrypt",
                "kms:ReEncrypt*",
                "kms:GenerateDataKey*",
              ],
              "Effect": "Allow",
              "Resource": {
                "Fn::GetAtt": [
                  "PipelineArtifactsBucketEncryptionKey01D58D69",
                  "Arn",
                ],
              },
            },
            {
              "Action": [
                "kms:Decrypt",
                "kms:Encrypt",
                "kms:ReEncrypt*",
                "kms:GenerateDataKey*",
              ],
              "Effect": "Allow",
              "Resource": {
                "Fn::GetAtt": [
                  "PipelineArtifactsBucketEncryptionKey01D58D69",
                  "Arn",
                ],
              },
            },
          ],
          "Version": "2012-10-17",
        },
        "PolicyName": "CDKBuildProjectRoleDefaultPolicy977543DD",
        "Roles": [
          {
            "Ref": "CDKBuildProjectRoleC798FB78",
          },
        ],
      },
      "Type": "AWS::IAM::Policy",
    },
    "PipelineArtifactsBucket22248F97": {
      "DeletionPolicy": "Retain",
      "Properties": {
        "BucketEncryption": {
          "ServerSideEncryptionConfiguration": [
            {
              "ServerSideEncryptionByDefault": {
                "KMSMasterKeyID": {
                  "Fn::GetAtt": [
                    "PipelineArtifactsBucketEncryptionKey01D58D69",
                    "Arn",
                  ],
                },
                "SSEAlgorithm": "aws:kms",
              },
            },
          ],
        },
        "PublicAccessBlockConfiguration": {
          "BlockPublicAcls": true,
          "BlockPublicPolicy": true,
          "IgnorePublicAcls": true,
          "RestrictPublicBuckets": true,
        },
      },
      "Type": "AWS::S3::Bucket",
      "UpdateReplacePolicy": "Retain",
    },
    "PipelineArtifactsBucketEncryptionKey01D58D69": {
      "DeletionPolicy": "Delete",
      "Properties": {
        "KeyPolicy": {
          "Statement": [
            {
              "Action": "kms:*",
              "Effect": "Allow",
              "Principal": {
                "AWS": {
                  "Fn::Join": [
                    "",
                    [
                      "arn:",
                      {
                        "Ref": "AWS::Partition",
                      },
                      ":iam::123456789012:root",
                    ],
                  ],
                },
              },
              "Resource": "*",
            },
          ],
          "Version": "2012-10-17",
        },
      },
      "Type": "AWS::KMS::Key",
      "UpdateReplacePolicy": "Delete",
    },
    "PipelineArtifactsBucketEncryptionKeyAlias5C510EEE": {
      "DeletionPolicy": "Delete",
      "Properties": {
        "AliasName": "alias/codepipeline-teststackpipeline28b9b4c0",
        "TargetKeyId": {
          "Fn::GetAtt": [
            "PipelineArtifactsBucketEncryptionKey01D58D69",
            "Arn",
          ],
        },
      },
      "Type": "AWS::KMS::Alias",
      "UpdateReplacePolicy": "Delete",
    },
    "PipelineArtifactsBucketPolicyD4F9712A": {
      "Properties": {
        "Bucket": {
          "Ref": "PipelineArtifactsBucket22248F97",
        },
        "PolicyDocument": {
          "Statement": [
            {
              "Action": "s3:*",
              "Condition": {
                "Bool": {
                  "aws:SecureTransport": "false",
                },
              },
              "Effect": "Deny",
              "Principal": {
                "AWS": "*",
              },
              "Resource": [
                {
                  "Fn::GetAtt": [
                    "PipelineArtifactsBucket22248F97",
                    "Arn",
                  ],
                },
                {
                  "Fn::Join": [
                    "",
                    [
                      {
                        "Fn::GetAtt": [
                          "PipelineArtifactsBucket22248F97",
                          "Arn",
                        ],
                      },
                      "/*",
                    ],
                  ],
                },
              ],
            },
          ],
          "Version": "2012-10-17",
        },
      },
      "Type": "AWS::S3::BucketPolicy",
    },
    "PipelineBuildCDKBuildCodePipelineActionRole15F4B424": {
      "Properties": {
        "AssumeRolePolicyDocument": {
          "Statement": [
            {
              "Action": "sts:AssumeRole",
              "Effect": "Allow",
              "Principal": {
                "AWS": {
                  "Fn::Join": [
                    "",
                    [
                      "arn:",
                      {
                        "Ref": "AWS::Partition",
                      },
                      ":iam::123456789012:root",
                    ],
                  ],
                },
              },
            },
          ],
          "Version": "2012-10-17",
        },
      },
      "Type": "AWS::IAM::Role",
    },
    "PipelineBuildCDKBuildCodePipelineActionRoleDefaultPolicyE350F3F9": {
      "Properties": {
        "PolicyDocument": {
          "Statement": [
            {
              "Action": [
                "codebuild:BatchGetBuilds",
                "codebuild:StartBuild",
                "codebuild:StopBuild",
              ],
              "Effect": "Allow",
              "Resource": {
                "Fn::GetAtt": [
                  "CDKBuildProject96462ED9",
                  "Arn",
                ],
              },
            },
          ],
          "Version": "2012-10-17",
        },
        "PolicyName": "PipelineBuildCDKBuildCodePipelineActionRoleDefaultPolicyE350F3F9",
        "Roles": [
          {
            "Ref": "PipelineBuildCDKBuildCodePipelineActionRole15F4B424",
          },
        ],
      },
      "Type": "AWS::IAM::Policy",
    },
    "PipelineBuildServiceBuildCodePipelineActionRole584B0FA3": {
      "Properties": {
        "AssumeRolePolicyDocument": {
          "Statement": [
            {
              "Action": "sts:AssumeRole",
              "Effect": "Allow",
              "Principal": {
                "AWS": {
                  "Fn::Join": [
                    "",
                    [
                      "arn:",
                      {
                        "Ref": "AWS::Partition",
                      },
                      ":iam::123456789012:root",
                    ],
                  ],
                },
              },
            },
          ],
          "Version": "2012-10-17",
        },
      },
      "Type": "AWS::IAM::Role",
    },
    "PipelineBuildServiceBuildCodePipelineActionRoleDefaultPolicyE6A14559": {
      "Properties": {
        "PolicyDocument": {
          "Statement": [
            {
              "Action": [
                "codebuild:BatchGetBuilds",
                "codebuild:StartBuild",
                "codebuild:StopBuild",
              ],
              "Effect": "Allow",
              "Resource": {
                "Fn::GetAtt": [
                  "ServiceBuildProject6D228AFA",
                  "Arn",
                ],
              },
            },
          ],
          "Version": "2012-10-17",
        },
        "PolicyName": "PipelineBuildServiceBuildCodePipelineActionRoleDefaultPolicyE6A14559",
        "Roles": [
          {
            "Ref": "PipelineBuildServiceBuildCodePipelineActionRole584B0FA3",
          },
        ],
      },
      "Type": "AWS::IAM::Policy",
    },
    "PipelineC660917D": {
      "DependsOn": [
        "PipelineRoleDefaultPolicyC7A05455",
        "PipelineRoleD68726F7",
      ],
      "Properties": {
        "ArtifactStore": {
          "EncryptionKey": {
            "Id": {
              "Fn::GetAtt": [
                "PipelineArtifactsBucketEncryptionKey01D58D69",
                "Arn",
              ],
            },
            "Type": "KMS",
          },
          "Location": {
            "Ref": "PipelineArtifactsBucket22248F97",
          },
          "Type": "S3",
        },
        "Name": "Pipeline",
        "RestartExecutionOnUpdate": true,
        "RoleArn": {
          "Fn::GetAtt": [
            "PipelineRoleD68726F7",
            "Arn",
          ],
        },
        "Stages": [
          {
            "Actions": [
              {
                "ActionTypeId": {
                  "Category": "Source",
                  "Owner": "ThirdParty",
                  "Provider": "GitHub",
                  "Version": "1",
                },
                "Configuration": {
                  "Branch": "main",
                  "OAuthToken": "{{resolve:secretsmanager:github-pipeline-token:SecretString:::}}",
                  "Owner": "DNyaika",
                  "PollForSourceChanges": false,
                  "Repo": "aws-pipeline",
                },
                "Name": "pipeline-source",
                "OutputArtifacts": [
                  {
                    "Name": "CDKSourceOutput",
                  },
                ],
                "RunOrder": 1,
              },
              {
                "ActionTypeId": {
                  "Category": "Source",
                  "Owner": "ThirdParty",
                  "Provider": "GitHub",
                  "Version": "1",
                },
                "Configuration": {
                  "Branch": "main",
                  "OAuthToken": "{{resolve:secretsmanager:github-pipeline-token:SecretString:::}}",
                  "Owner": "DNyaika",
                  "PollForSourceChanges": false,
                  "Repo": "express-lambda",
                },
                "Name": "service-source",
                "OutputArtifacts": [
                  {
                    "Name": "ServicekSourceOutput",
                  },
                ],
                "RunOrder": 1,
              },
            ],
            "Name": "Source",
          },
          {
            "Actions": [
              {
                "ActionTypeId": {
                  "Category": "Build",
                  "Owner": "AWS",
                  "Provider": "CodeBuild",
                  "Version": "1",
                },
                "Configuration": {
                  "ProjectName": {
                    "Ref": "CDKBuildProject96462ED9",
                  },
                },
                "InputArtifacts": [
                  {
                    "Name": "CDKSourceOutput",
                  },
                ],
                "Name": "CDK_Build",
                "OutputArtifacts": [
                  {
                    "Name": "CDKBuildOutput",
                  },
                ],
                "RoleArn": {
                  "Fn::GetAtt": [
                    "PipelineBuildCDKBuildCodePipelineActionRole15F4B424",
                    "Arn",
                  ],
                },
                "RunOrder": 1,
              },
              {
                "ActionTypeId": {
                  "Category": "Build",
                  "Owner": "AWS",
                  "Provider": "CodeBuild",
                  "Version": "1",
                },
                "Configuration": {
                  "ProjectName": {
                    "Ref": "ServiceBuildProject6D228AFA",
                  },
                },
                "InputArtifacts": [
                  {
                    "Name": "ServicekSourceOutput",
                  },
                ],
                "Name": "Service_Build",
                "OutputArtifacts": [
                  {
                    "Name": "ServiceBuildOutput",
                  },
                ],
                "RoleArn": {
                  "Fn::GetAtt": [
                    "PipelineBuildServiceBuildCodePipelineActionRole584B0FA3",
                    "Arn",
                  ],
                },
                "RunOrder": 1,
              },
            ],
            "Name": "Build",
          },
          {
            "Actions": [
              {
                "ActionTypeId": {
                  "Category": "Deploy",
                  "Owner": "AWS",
                  "Provider": "CloudFormation",
                  "Version": "1",
                },
                "Configuration": {
                  "ActionMode": "CREATE_UPDATE",
                  "Capabilities": "CAPABILITY_NAMED_IAM",
                  "RoleArn": {
                    "Fn::GetAtt": [
                      "PipelinePipelineUpdateRoleAA43880D",
                      "Arn",
                    ],
                  },
                  "StackName": "PipelineStack",
                  "TemplatePath": "CDKBuildOutput::PipelineStack.template.json",
                },
                "InputArtifacts": [
                  {
                    "Name": "CDKBuildOutput",
                  },
                ],
                "Name": "Pipeline_Update",
                "RoleArn": {
                  "Fn::GetAtt": [
                    "PipelinePipelineUpdateCodePipelineActionRoleF10AA166",
                    "Arn",
                  ],
                },
                "RunOrder": 1,
              },
            ],
            "Name": "Pipeline_Update",
          },
        ],
      },
      "Type": "AWS::CodePipeline::Pipeline",
    },
    "PipelineNotificationTopicD4036329": {
      "Properties": {
        "TopicName": "PipelineNotifications",
      },
      "Type": "AWS::SNS::Topic",
    },
    "PipelineNotificationTopicdavidnyaika2gmailcomBD9577A4": {
      "Properties": {
        "Endpoint": "davidnyaika2@gmail.com",
        "Protocol": "email",
        "TopicArn": {
          "Ref": "PipelineNotificationTopicD4036329",
        },
      },
      "Type": "AWS::SNS::Subscription",
    },
    "PipelinePipelineUpdateCodePipelineActionRoleDefaultPolicy024C1709": {
      "Properties": {
        "PolicyDocument": {
          "Statement": [
            {
              "Action": "iam:PassRole",
              "Effect": "Allow",
              "Resource": {
                "Fn::GetAtt": [
                  "PipelinePipelineUpdateRoleAA43880D",
                  "Arn",
                ],
              },
            },
            {
              "Action": [
                "s3:GetObject*",
                "s3:GetBucket*",
                "s3:List*",
              ],
              "Effect": "Allow",
              "Resource": [
                {
                  "Fn::GetAtt": [
                    "PipelineArtifactsBucket22248F97",
                    "Arn",
                  ],
                },
                {
                  "Fn::Join": [
                    "",
                    [
                      {
                        "Fn::GetAtt": [
                          "PipelineArtifactsBucket22248F97",
                          "Arn",
                        ],
                      },
                      "/*",
                    ],
                  ],
                },
              ],
            },
            {
              "Action": [
                "kms:Decrypt",
                "kms:DescribeKey",
              ],
              "Effect": "Allow",
              "Resource": {
                "Fn::GetAtt": [
                  "PipelineArtifactsBucketEncryptionKey01D58D69",
                  "Arn",
                ],
              },
            },
            {
              "Action": [
                "cloudformation:CreateStack",
                "cloudformation:DescribeStack*",
                "cloudformation:GetStackPolicy",
                "cloudformation:GetTemplate*",
                "cloudformation:SetStackPolicy",
                "cloudformation:UpdateStack",
                "cloudformation:ValidateTemplate",
              ],
              "Effect": "Allow",
              "Resource": {
                "Fn::Join": [
                  "",
                  [
                    "arn:",
                    {
                      "Ref": "AWS::Partition",
                    },
                    ":cloudformation:us-east-1:123456789012:stack/PipelineStack/*",
                  ],
                ],
              },
            },
          ],
          "Version": "2012-10-17",
        },
        "PolicyName": "PipelinePipelineUpdateCodePipelineActionRoleDefaultPolicy024C1709",
        "Roles": [
          {
            "Ref": "PipelinePipelineUpdateCodePipelineActionRoleF10AA166",
          },
        ],
      },
      "Type": "AWS::IAM::Policy",
    },
    "PipelinePipelineUpdateCodePipelineActionRoleF10AA166": {
      "Properties": {
        "AssumeRolePolicyDocument": {
          "Statement": [
            {
              "Action": "sts:AssumeRole",
              "Effect": "Allow",
              "Principal": {
                "AWS": {
                  "Fn::Join": [
                    "",
                    [
                      "arn:",
                      {
                        "Ref": "AWS::Partition",
                      },
                      ":iam::123456789012:root",
                    ],
                  ],
                },
              },
            },
          ],
          "Version": "2012-10-17",
        },
      },
      "Type": "AWS::IAM::Role",
    },
    "PipelinePipelineUpdateRoleAA43880D": {
      "Properties": {
        "AssumeRolePolicyDocument": {
          "Statement": [
            {
              "Action": "sts:AssumeRole",
              "Effect": "Allow",
              "Principal": {
                "Service": "cloudformation.amazonaws.com",
              },
            },
          ],
          "Version": "2012-10-17",
        },
      },
      "Type": "AWS::IAM::Role",
    },
    "PipelinePipelineUpdateRoleDefaultPolicyF5EA7F30": {
      "Properties": {
        "PolicyDocument": {
          "Statement": [
            {
              "Action": [
                "s3:GetObject*",
                "s3:GetBucket*",
                "s3:List*",
              ],
              "Effect": "Allow",
              "Resource": [
                {
                  "Fn::GetAtt": [
                    "PipelineArtifactsBucket22248F97",
                    "Arn",
                  ],
                },
                {
                  "Fn::Join": [
                    "",
                    [
                      {
                        "Fn::GetAtt": [
                          "PipelineArtifactsBucket22248F97",
                          "Arn",
                        ],
                      },
                      "/*",
                    ],
                  ],
                },
              ],
            },
            {
              "Action": [
                "kms:Decrypt",
                "kms:DescribeKey",
              ],
              "Effect": "Allow",
              "Resource": {
                "Fn::GetAtt": [
                  "PipelineArtifactsBucketEncryptionKey01D58D69",
                  "Arn",
                ],
              },
            },
            {
              "Action": "*",
              "Effect": "Allow",
              "Resource": "*",
            },
          ],
          "Version": "2012-10-17",
        },
        "PolicyName": "PipelinePipelineUpdateRoleDefaultPolicyF5EA7F30",
        "Roles": [
          {
            "Ref": "PipelinePipelineUpdateRoleAA43880D",
          },
        ],
      },
      "Type": "AWS::IAM::Policy",
    },
    "PipelineRoleD68726F7": {
      "Properties": {
        "AssumeRolePolicyDocument": {
          "Statement": [
            {
              "Action": "sts:AssumeRole",
              "Effect": "Allow",
              "Principal": {
                "Service": "codepipeline.amazonaws.com",
              },
            },
          ],
          "Version": "2012-10-17",
        },
      },
      "Type": "AWS::IAM::Role",
    },
    "PipelineRoleDefaultPolicyC7A05455": {
      "Properties": {
        "PolicyDocument": {
          "Statement": [
            {
              "Action": [
                "s3:GetObject*",
                "s3:GetBucket*",
                "s3:List*",
                "s3:DeleteObject*",
                "s3:PutObject",
                "s3:PutObjectLegalHold",
                "s3:PutObjectRetention",
                "s3:PutObjectTagging",
                "s3:PutObjectVersionTagging",
                "s3:Abort*",
              ],
              "Effect": "Allow",
              "Resource": [
                {
                  "Fn::GetAtt": [
                    "PipelineArtifactsBucket22248F97",
                    "Arn",
                  ],
                },
                {
                  "Fn::Join": [
                    "",
                    [
                      {
                        "Fn::GetAtt": [
                          "PipelineArtifactsBucket22248F97",
                          "Arn",
                        ],
                      },
                      "/*",
                    ],
                  ],
                },
              ],
            },
            {
              "Action": [
                "kms:Decrypt",
                "kms:DescribeKey",
                "kms:Encrypt",
                "kms:ReEncrypt*",
                "kms:GenerateDataKey*",
              ],
              "Effect": "Allow",
              "Resource": {
                "Fn::GetAtt": [
                  "PipelineArtifactsBucketEncryptionKey01D58D69",
                  "Arn",
                ],
              },
            },
            {
              "Action": "sts:AssumeRole",
              "Effect": "Allow",
              "Resource": {
                "Fn::GetAtt": [
                  "PipelineBuildCDKBuildCodePipelineActionRole15F4B424",
                  "Arn",
                ],
              },
            },
            {
              "Action": "sts:AssumeRole",
              "Effect": "Allow",
              "Resource": {
                "Fn::GetAtt": [
                  "PipelineBuildServiceBuildCodePipelineActionRole584B0FA3",
                  "Arn",
                ],
              },
            },
            {
              "Action": "sts:AssumeRole",
              "Effect": "Allow",
              "Resource": {
                "Fn::GetAtt": [
                  "PipelinePipelineUpdateCodePipelineActionRoleF10AA166",
                  "Arn",
                ],
              },
            },
          ],
          "Version": "2012-10-17",
        },
        "PolicyName": "PipelineRoleDefaultPolicyC7A05455",
        "Roles": [
          {
            "Ref": "PipelineRoleD68726F7",
          },
        ],
      },
      "Type": "AWS::IAM::Policy",
    },
    "PipelineSourcepipelinesourceWebhookResource7AC46B37": {
      "Properties": {
        "Authentication": "GITHUB_HMAC",
        "AuthenticationConfiguration": {
          "SecretToken": "{{resolve:secretsmanager:github-pipeline-token:SecretString:::}}",
        },
        "Filters": [
          {
            "JsonPath": "$.ref",
            "MatchEquals": "refs/heads/{Branch}",
          },
        ],
        "RegisterWithThirdParty": true,
        "TargetAction": "pipeline-source",
        "TargetPipeline": {
          "Ref": "PipelineC660917D",
        },
        "TargetPipelineVersion": 1,
      },
      "Type": "AWS::CodePipeline::Webhook",
    },
    "PipelineSourceservicesourceWebhookResource5B3AAB53": {
      "Properties": {
        "Authentication": "GITHUB_HMAC",
        "AuthenticationConfiguration": {
          "SecretToken": "{{resolve:secretsmanager:github-pipeline-token:SecretString:::}}",
        },
        "Filters": [
          {
            "JsonPath": "$.ref",
            "MatchEquals": "refs/heads/{Branch}",
          },
        ],
        "RegisterWithThirdParty": true,
        "TargetAction": "service-source",
        "TargetPipeline": {
          "Ref": "PipelineC660917D",
        },
        "TargetPipelineVersion": 1,
      },
      "Type": "AWS::CodePipeline::Webhook",
    },
    "ServiceBuildProject6D228AFA": {
      "Properties": {
        "Artifacts": {
          "Type": "CODEPIPELINE",
        },
        "Cache": {
          "Type": "NO_CACHE",
        },
        "EncryptionKey": {
          "Fn::GetAtt": [
            "PipelineArtifactsBucketEncryptionKey01D58D69",
            "Arn",
          ],
        },
        "Environment": {
          "ComputeType": "BUILD_GENERAL1_SMALL",
          "Image": "aws/codebuild/standard:6.0",
          "ImagePullCredentialsType": "CODEBUILD",
          "PrivilegedMode": false,
          "Type": "LINUX_CONTAINER",
        },
        "ServiceRole": {
          "Fn::GetAtt": [
            "ServiceBuildProjectRoleEB246009",
            "Arn",
          ],
        },
        "Source": {
          "BuildSpec": "build-specs/service-build-spec.yml",
          "Type": "CODEPIPELINE",
        },
      },
      "Type": "AWS::CodeBuild::Project",
    },
    "ServiceBuildProjectRoleDefaultPolicy29400A8A": {
      "Properties": {
        "PolicyDocument": {
          "Statement": [
            {
              "Action": [
                "logs:CreateLogGroup",
                "logs:CreateLogStream",
                "logs:PutLogEvents",
              ],
              "Effect": "Allow",
              "Resource": [
                {
                  "Fn::Join": [
                    "",
                    [
                      "arn:",
                      {
                        "Ref": "AWS::Partition",
                      },
                      ":logs:us-east-1:123456789012:log-group:/aws/codebuild/",
                      {
                        "Ref": "ServiceBuildProject6D228AFA",
                      },
                    ],
                  ],
                },
                {
                  "Fn::Join": [
                    "",
                    [
                      "arn:",
                      {
                        "Ref": "AWS::Partition",
                      },
                      ":logs:us-east-1:123456789012:log-group:/aws/codebuild/",
                      {
                        "Ref": "ServiceBuildProject6D228AFA",
                      },
                      ":*",
                    ],
                  ],
                },
              ],
            },
            {
              "Action": [
                "codebuild:CreateReportGroup",
                "codebuild:CreateReport",
                "codebuild:UpdateReport",
                "codebuild:BatchPutTestCases",
                "codebuild:BatchPutCodeCoverages",
              ],
              "Effect": "Allow",
              "Resource": {
                "Fn::Join": [
                  "",
                  [
                    "arn:",
                    {
                      "Ref": "AWS::Partition",
                    },
                    ":codebuild:us-east-1:123456789012:report-group/",
                    {
                      "Ref": "ServiceBuildProject6D228AFA",
                    },
                    "-*",
                  ],
                ],
              },
            },
            {
              "Action": [
                "s3:GetObject*",
                "s3:GetBucket*",
                "s3:List*",
                "s3:DeleteObject*",
                "s3:PutObject",
                "s3:PutObjectLegalHold",
                "s3:PutObjectRetention",
                "s3:PutObjectTagging",
                "s3:PutObjectVersionTagging",
                "s3:Abort*",
              ],
              "Effect": "Allow",
              "Resource": [
                {
                  "Fn::GetAtt": [
                    "PipelineArtifactsBucket22248F97",
                    "Arn",
                  ],
                },
                {
                  "Fn::Join": [
                    "",
                    [
                      {
                        "Fn::GetAtt": [
                          "PipelineArtifactsBucket22248F97",
                          "Arn",
                        ],
                      },
                      "/*",
                    ],
                  ],
                },
              ],
            },
            {
              "Action": [
                "kms:Decrypt",
                "kms:DescribeKey",
                "kms:Encrypt",
                "kms:ReEncrypt*",
                "kms:GenerateDataKey*",
              ],
              "Effect": "Allow",
              "Resource": {
                "Fn::GetAtt": [
                  "PipelineArtifactsBucketEncryptionKey01D58D69",
                  "Arn",
                ],
              },
            },
            {
              "Action": [
                "kms:Decrypt",
                "kms:Encrypt",
                "kms:ReEncrypt*",
                "kms:GenerateDataKey*",
              ],
              "Effect": "Allow",
              "Resource": {
                "Fn::GetAtt": [
                  "PipelineArtifactsBucketEncryptionKey01D58D69",
                  "Arn",
                ],
              },
            },
          ],
          "Version": "2012-10-17",
        },
        "PolicyName": "ServiceBuildProjectRoleDefaultPolicy29400A8A",
        "Roles": [
          {
            "Ref": "ServiceBuildProjectRoleEB246009",
          },
        ],
      },
      "Type": "AWS::IAM::Policy",
    },
    "ServiceBuildProjectRoleEB246009": {
      "Properties": {
        "AssumeRolePolicyDocument": {
          "Statement": [
            {
              "Action": "sts:AssumeRole",
              "Effect": "Allow",
              "Principal": {
                "Service": "codebuild.amazonaws.com",
              },
            },
          ],
          "Version": "2012-10-17",
        },
      },
      "Type": "AWS::IAM::Role",
    },
  },
  "Rules": {
    "CheckBootstrapVersion": {
      "Assertions": [
        {
          "Assert": {
            "Fn::Not": [
              {
                "Fn::Contains": [
                  [
                    "1",
                    "2",
                    "3",
                    "4",
                    "5",
                  ],
                  {
                    "Ref": "BootstrapVersion",
                  },
                ],
              },
            ],
          },
          "AssertDescription": "CDK bootstrap stack version 6 required. Please run 'cdk bootstrap' with a recent version of the CDK CLI.",
        },
      ],
    },
  },
}
`;
